Archive member included to satisfy reference by file (symbol)

/home/bahadira/gcc-arm-none-eabi-10.3/bin/../lib/gcc/arm-none-eabi/10.3.1/../../../../arm-none-eabi/lib/thumb/v6-m/nofp/libc_nano.a(lib_a-errno.o)
                              CMakeFiles/UsartTx.elf.dir/utilities/fsl_sbrk.c.obj (__errno)
/home/bahadira/gcc-arm-none-eabi-10.3/bin/../lib/gcc/arm-none-eabi/10.3.1/../../../../arm-none-eabi/lib/thumb/v6-m/nofp/libc_nano.a(lib_a-exit.o)
                              /home/bahadira/gcc-arm-none-eabi-10.3/bin/../lib/gcc/arm-none-eabi/10.3.1/../../../../arm-none-eabi/lib/thumb/v6-m/nofp/crt0.o (exit)
/home/bahadira/gcc-arm-none-eabi-10.3/bin/../lib/gcc/arm-none-eabi/10.3.1/../../../../arm-none-eabi/lib/thumb/v6-m/nofp/libc_nano.a(lib_a-impure.o)
                              /home/bahadira/gcc-arm-none-eabi-10.3/bin/../lib/gcc/arm-none-eabi/10.3.1/../../../../arm-none-eabi/lib/thumb/v6-m/nofp/libc_nano.a(lib_a-exit.o) (_global_impure_ptr)
/home/bahadira/gcc-arm-none-eabi-10.3/bin/../lib/gcc/arm-none-eabi/10.3.1/../../../../arm-none-eabi/lib/thumb/v6-m/nofp/libc_nano.a(lib_a-init.o)
                              /home/bahadira/gcc-arm-none-eabi-10.3/bin/../lib/gcc/arm-none-eabi/10.3.1/../../../../arm-none-eabi/lib/thumb/v6-m/nofp/crt0.o (__libc_init_array)
/home/bahadira/gcc-arm-none-eabi-10.3/bin/../lib/gcc/arm-none-eabi/10.3.1/../../../../arm-none-eabi/lib/thumb/v6-m/nofp/libc_nano.a(lib_a-malloc.o)
                              CMakeFiles/UsartTx.elf.dir/drivers/fsl_common.c.obj (malloc)
/home/bahadira/gcc-arm-none-eabi-10.3/bin/../lib/gcc/arm-none-eabi/10.3.1/../../../../arm-none-eabi/lib/thumb/v6-m/nofp/libc_nano.a(lib_a-memcpy-stub.o)
                              CMakeFiles/UsartTx.elf.dir/utilities/fsl_str.c.obj (memcpy)
/home/bahadira/gcc-arm-none-eabi-10.3/bin/../lib/gcc/arm-none-eabi/10.3.1/../../../../arm-none-eabi/lib/thumb/v6-m/nofp/libc_nano.a(lib_a-memset.o)
                              /home/bahadira/gcc-arm-none-eabi-10.3/bin/../lib/gcc/arm-none-eabi/10.3.1/../../../../arm-none-eabi/lib/thumb/v6-m/nofp/crt0.o (memset)
/home/bahadira/gcc-arm-none-eabi-10.3/bin/../lib/gcc/arm-none-eabi/10.3.1/../../../../arm-none-eabi/lib/thumb/v6-m/nofp/libc_nano.a(lib_a-nano-freer.o)
                              /home/bahadira/gcc-arm-none-eabi-10.3/bin/../lib/gcc/arm-none-eabi/10.3.1/../../../../arm-none-eabi/lib/thumb/v6-m/nofp/libc_nano.a(lib_a-malloc.o) (_free_r)
/home/bahadira/gcc-arm-none-eabi-10.3/bin/../lib/gcc/arm-none-eabi/10.3.1/../../../../arm-none-eabi/lib/thumb/v6-m/nofp/libc_nano.a(lib_a-nano-mallocr.o)
                              /home/bahadira/gcc-arm-none-eabi-10.3/bin/../lib/gcc/arm-none-eabi/10.3.1/../../../../arm-none-eabi/lib/thumb/v6-m/nofp/libc_nano.a(lib_a-malloc.o) (_malloc_r)
/home/bahadira/gcc-arm-none-eabi-10.3/bin/../lib/gcc/arm-none-eabi/10.3.1/../../../../arm-none-eabi/lib/thumb/v6-m/nofp/libc_nano.a(lib_a-sbrkr.o)
                              /home/bahadira/gcc-arm-none-eabi-10.3/bin/../lib/gcc/arm-none-eabi/10.3.1/../../../../arm-none-eabi/lib/thumb/v6-m/nofp/libc_nano.a(lib_a-nano-mallocr.o) (_sbrk_r)
/home/bahadira/gcc-arm-none-eabi-10.3/bin/../lib/gcc/arm-none-eabi/10.3.1/../../../../arm-none-eabi/lib/thumb/v6-m/nofp/libc_nano.a(lib_a-sprintf.o)
                              CMakeFiles/UsartTx.elf.dir/source/main.c.obj (sprintf)
/home/bahadira/gcc-arm-none-eabi-10.3/bin/../lib/gcc/arm-none-eabi/10.3.1/../../../../arm-none-eabi/lib/thumb/v6-m/nofp/libc_nano.a(lib_a-strlen.o)
                              CMakeFiles/UsartTx.elf.dir/utilities/fsl_str.c.obj (strlen)
/home/bahadira/gcc-arm-none-eabi-10.3/bin/../lib/gcc/arm-none-eabi/10.3.1/../../../../arm-none-eabi/lib/thumb/v6-m/nofp/libc_nano.a(lib_a-strtoul.o)
                              CMakeFiles/UsartTx.elf.dir/utilities/fsl_str.c.obj (strtoul)
/home/bahadira/gcc-arm-none-eabi-10.3/bin/../lib/gcc/arm-none-eabi/10.3.1/../../../../arm-none-eabi/lib/thumb/v6-m/nofp/libc_nano.a(lib_a-ctype_.o)
                              /home/bahadira/gcc-arm-none-eabi-10.3/bin/../lib/gcc/arm-none-eabi/10.3.1/../../../../arm-none-eabi/lib/thumb/v6-m/nofp/libc_nano.a(lib_a-strtoul.o) (_ctype_)
/home/bahadira/gcc-arm-none-eabi-10.3/bin/../lib/gcc/arm-none-eabi/10.3.1/../../../../arm-none-eabi/lib/thumb/v6-m/nofp/libc_nano.a(lib_a-mlock.o)
                              /home/bahadira/gcc-arm-none-eabi-10.3/bin/../lib/gcc/arm-none-eabi/10.3.1/../../../../arm-none-eabi/lib/thumb/v6-m/nofp/libc_nano.a(lib_a-nano-freer.o) (__malloc_lock)
/home/bahadira/gcc-arm-none-eabi-10.3/bin/../lib/gcc/arm-none-eabi/10.3.1/../../../../arm-none-eabi/lib/thumb/v6-m/nofp/libc_nano.a(lib_a-nano-svfprintf.o)
                              /home/bahadira/gcc-arm-none-eabi-10.3/bin/../lib/gcc/arm-none-eabi/10.3.1/../../../../arm-none-eabi/lib/thumb/v6-m/nofp/libc_nano.a(lib_a-sprintf.o) (_svfprintf_r)
[...]
Memory Configuration

Name             Origin             Length             Attributes
m_interrupts     0x0000000000000000 0x0000000000000200 xr
m_crp            0x00000000000002fc 0x0000000000000004 xr
m_text           0x0000000000000300 0x0000000000007d00 xr
m_data           0x0000000010000000 0x0000000000001fe0 rw
*default*        0x0000000000000000 0xffffffffffffffff

Linker script and memory map

LOAD /home/bahadira/gcc-arm-none-eabi-10.3/bin/../lib/gcc/arm-none-eabi/10.3.1/thumb/v6-m/nofp/crti.o
LOAD /home/bahadira/gcc-arm-none-eabi-10.3/bin/../lib/gcc/arm-none-eabi/10.3.1/thumb/v6-m/nofp/crtbegin.o
LOAD /home/bahadira/gcc-arm-none-eabi-10.3/bin/../lib/gcc/arm-none-eabi/10.3.1/../../../../arm-none-eabi/lib/thumb/v6-m/nofp/crt0.o
LOAD CMakeFiles/UsartTx.elf.dir/board/board.c.obj
LOAD CMakeFiles/UsartTx.elf.dir/board/clock_config.c.obj
LOAD CMakeFiles/UsartTx.elf.dir/board/pin_mux.c.obj
LOAD CMakeFiles/UsartTx.elf.dir/source/main.c.obj
LOAD CMakeFiles/UsartTx.elf.dir/component/uart/fsl_adapter_miniusart.c.obj
LOAD CMakeFiles/UsartTx.elf.dir/startup/startup_LPC824.S.obj
LOAD CMakeFiles/UsartTx.elf.dir/device/system_LPC824.c.obj
LOAD CMakeFiles/UsartTx.elf.dir/drivers/fsl_clock.c.obj
LOAD CMakeFiles/UsartTx.elf.dir/drivers/fsl_common.c.obj
LOAD CMakeFiles/UsartTx.elf.dir/drivers/fsl_common_arm.c.obj
LOAD CMakeFiles/UsartTx.elf.dir/drivers/fsl_gpio.c.obj
LOAD CMakeFiles/UsartTx.elf.dir/drivers/fsl_usart.c.obj
LOAD CMakeFiles/UsartTx.elf.dir/drivers/fsl_power.c.obj
LOAD CMakeFiles/UsartTx.elf.dir/drivers/fsl_reset.c.obj
LOAD CMakeFiles/UsartTx.elf.dir/drivers/fsl_swm.c.obj
LOAD CMakeFiles/UsartTx.elf.dir/drivers/fsl_syscon.c.obj
LOAD CMakeFiles/UsartTx.elf.dir/utilities/fsl_sbrk.c.obj
LOAD CMakeFiles/UsartTx.elf.dir/utilities/fsl_syscall_stub.c.obj
LOAD CMakeFiles/UsartTx.elf.dir/utilities/fsl_assert.c.obj
LOAD CMakeFiles/UsartTx.elf.dir/utilities/fsl_str.c.obj
LOAD CMakeFiles/UsartTx.elf.dir/utilities/fsl_debug_console.c.obj
START GROUP
LOAD /home/bahadira/gcc-arm-none-eabi-10.3/bin/../lib/gcc/arm-none-eabi/10.3.1/../../../../arm-none-eabi/lib/thumb/v6-m/nofp/libm.a
LOAD /home/bahadira/gcc-arm-none-eabi-10.3/bin/../lib/gcc/arm-none-eabi/10.3.1/../../../../arm-none-eabi/lib/thumb/v6-m/nofp/libc_nano.a
LOAD /home/bahadira/gcc-arm-none-eabi-10.3/bin/../lib/gcc/arm-none-eabi/10.3.1/thumb/v6-m/nofp/libgcc.a
LOAD /home/bahadira/gcc-arm-none-eabi-10.3/bin/../lib/gcc/arm-none-eabi/10.3.1/../../../../arm-none-eabi/lib/thumb/v6-m/nofp/libnosys.a
END GROUP
START GROUP
LOAD /home/bahadira/gcc-arm-none-eabi-10.3/bin/../lib/gcc/arm-none-eabi/10.3.1/thumb/v6-m/nofp/libgcc.a
LOAD /home/bahadira/gcc-arm-none-eabi-10.3/bin/../lib/gcc/arm-none-eabi/10.3.1/../../../../arm-none-eabi/lib/thumb/v6-m/nofp/libc_nano.a
END GROUP
START GROUP
LOAD /home/bahadira/gcc-arm-none-eabi-10.3/bin/../lib/gcc/arm-none-eabi/10.3.1/thumb/v6-m/nofp/libgcc.a
LOAD /home/bahadira/gcc-arm-none-eabi-10.3/bin/../lib/gcc/arm-none-eabi/10.3.1/../../../../arm-none-eabi/lib/thumb/v6-m/nofp/libc_nano.a
LOAD /home/bahadira/gcc-arm-none-eabi-10.3/bin/../lib/gcc/arm-none-eabi/10.3.1/../../../../arm-none-eabi/lib/thumb/v6-m/nofp/libnosys.a
END GROUP
START GROUP
LOAD /home/bahadira/gcc-arm-none-eabi-10.3/bin/../lib/gcc/arm-none-eabi/10.3.1/thumb/v6-m/nofp/libgcc.a
LOAD /home/bahadira/gcc-arm-none-eabi-10.3/bin/../lib/gcc/arm-none-eabi/10.3.1/../../../../arm-none-eabi/lib/thumb/v6-m/nofp/libc_nano.a
LOAD /home/bahadira/gcc-arm-none-eabi-10.3/bin/../lib/gcc/arm-none-eabi/10.3.1/../../../../arm-none-eabi/lib/thumb/v6-m/nofp/libnosys.a
END GROUP
LOAD /home/bahadira/gcc-arm-none-eabi-10.3/bin/../lib/gcc/arm-none-eabi/10.3.1/thumb/v6-m/nofp/crtend.o
LOAD /home/bahadira/gcc-arm-none-eabi-10.3/bin/../lib/gcc/arm-none-eabi/10.3.1/thumb/v6-m/nofp/crtn.o
                0x0000000000000400                HEAP_SIZE = DEFINED (__heap_size__)?__heap_size__:0x400
                0x0000000000000800                STACK_SIZE = DEFINED (__stack_size__)?__stack_size__:0x800

.interrupts     0x0000000000000000       0xc0
                0x0000000000000000                . = ALIGN (0x4)
 *(.isr_vector)
 .isr_vector    0x0000000000000000       0xc0 CMakeFiles/UsartTx.elf.dir/startup/startup_LPC824.S.obj
                0x0000000000000000                __Vectors
                0x00000000000000c0                . = ALIGN (0x4)

.crp            0x00000000000002fc        0x4
                0x00000000000002fc                . = ALIGN (0x4)
 *(.crp)
 .crp           0x00000000000002fc        0x4 CMakeFiles/UsartTx.elf.dir/startup/startup_LPC824.S.obj
                0x0000000000000300                . = ALIGN (0x4)

.text           0x0000000000000300     0x1804
                0x0000000000000300                . = ALIGN (0x4)
 *(.text)
 .text          0x0000000000000300       0x48 /home/bahadira/gcc-arm-none-eabi-10.3/bin/../lib/gcc/arm-none-eabi/10.3.1/thumb/v6-m/nofp/crtbegin.o
 .text          0x0000000000000348       0x80 /home/bahadira/gcc-arm-none-eabi-10.3/bin/../lib/gcc/arm-none-eabi/10.3.1/../../../../arm-none-eabi/lib/thumb/v6-m/nofp/crt0.o
                0x0000000000000348                _stack_init
                0x0000000000000354                _mainCRTStartup
                0x0000000000000354                _start
 .text          0x00000000000003c8      0x17c CMakeFiles/UsartTx.elf.dir/startup/startup_LPC824.S.obj
                0x00000000000003c8                Reset_Handler
                0x0000000000000414                Reserved39_DriverIRQHandler
                0x0000000000000414                ADC0_OVR_DriverIRQHandler
                0x0000000000000414                DMA0_DriverIRQHandler
                0x0000000000000414                SPI1_DriverIRQHandler
                0x0000000000000414                I2C3_DriverIRQHandler
                0x0000000000000414                PIN_INT3_DriverIRQHandler
                0x0000000000000414                PIN_INT2_DriverIRQHandler
                0x0000000000000414                I2C2_DriverIRQHandler
                0x0000000000000414                PIN_INT0_DriverIRQHandler
                0x0000000000000414                DefaultISR
                0x0000000000000414                WKT_DriverIRQHandler
                0x0000000000000414                MRT0_DriverIRQHandler
                0x0000000000000414                PIN_INT4_DriverIRQHandler
                0x0000000000000414                PIN_INT5_DriverIRQHandler
                0x0000000000000414                ADC0_THCMP_DriverIRQHandler
                0x0000000000000414                PIN_INT7_DriverIRQHandler
                0x0000000000000414                Reserved22_DriverIRQHandler
                0x0000000000000414                FLASH_DriverIRQHandler
                0x0000000000000414                ADC0_SEQB_DriverIRQHandler
                0x0000000000000414                PIN_INT6_DriverIRQHandler
                0x0000000000000414                Reserved18_DriverIRQHandler
                0x0000000000000414                WDT_DriverIRQHandler
                0x0000000000000414                PIN_INT1_DriverIRQHandler
                0x0000000000000414                BOD_DriverIRQHandler
                0x0000000000000414                I2C1_DriverIRQHandler
                0x0000000000000414                CMP_DriverIRQHandler
                0x0000000000000414                ADC0_SEQA_DriverIRQHandler
                0x0000000000000414                SPI0_DriverIRQHandler
                0x0000000000000414                I2C0_DriverIRQHandler
                0x0000000000000414                SCT0_DriverIRQHandler
                0x0000000000000418                NMI_Handler
                0x000000000000041c                HardFault_Handler
                0x0000000000000420                SVC_Handler
                0x0000000000000424                PendSV_Handler
                0x000000000000042c                SPI0_IRQHandler
                0x0000000000000430                SPI1_IRQHandler
                0x0000000000000434                Reserved18_IRQHandler
                0x0000000000000438                USART0_IRQHandler
                0x000000000000043c                USART1_IRQHandler
                0x0000000000000440                USART2_IRQHandler
                0x0000000000000444                Reserved22_IRQHandler
                0x0000000000000448                I2C1_IRQHandler
                0x000000000000044c                I2C0_IRQHandler
                0x0000000000000450                SCT0_IRQHandler
                0x0000000000000454                MRT0_IRQHandler
                0x0000000000000458                CMP_IRQHandler
                0x000000000000045c                WDT_IRQHandler
                0x0000000000000460                BOD_IRQHandler
                0x0000000000000464                FLASH_IRQHandler
                0x0000000000000468                WKT_IRQHandler
                0x000000000000046c                ADC0_SEQA_IRQHandler
                0x0000000000000470                ADC0_SEQB_IRQHandler
                0x0000000000000474                ADC0_THCMP_IRQHandler
                0x0000000000000478                ADC0_OVR_IRQHandler
                0x000000000000047c                DMA0_IRQHandler
                0x0000000000000480                I2C2_IRQHandler
                0x0000000000000484                I2C3_IRQHandler
                0x0000000000000488                Reserved39_IRQHandler
                0x000000000000048c                PIN_INT0_IRQHandler
                0x0000000000000490                PIN_INT1_IRQHandler
                0x0000000000000494                PIN_INT2_IRQHandler
                0x0000000000000498                PIN_INT3_IRQHandler
                0x000000000000049c                PIN_INT4_IRQHandler
                0x00000000000004a0                PIN_INT5_IRQHandler
                0x00000000000004a4                PIN_INT6_IRQHandler
                0x00000000000004a8                PIN_INT7_IRQHandler
 .text          0x0000000000000544        0xe /home/bahadira/gcc-arm-none-eabi-10.3/bin/../lib/gcc/arm-none-eabi/10.3.1/../../../../arm-none-eabi/lib/thumb/v6-m/nofp/libc_nano.a(lib_a-strlen.o)
                0x0000000000000544                strlen
 *fill*         0x0000000000000552        0x2 
 .text          0x0000000000000554       0x14 /home/bahadira/gcc-arm-none-eabi-10.3/bin/../lib/gcc/arm-none-eabi/10.3.1/thumb/v6-m/nofp/libgcc.a(_thumb1_case_uqi.o)
                0x0000000000000554                __gnu_thumb1_case_uqi
 .text          0x0000000000000568       0x14 /home/bahadira/gcc-arm-none-eabi-10.3/bin/../lib/gcc/arm-none-eabi/10.3.1/thumb/v6-m/nofp/libgcc.a(_thumb1_case_shi.o)
                0x0000000000000568                __gnu_thumb1_case_shi
 .text          0x000000000000057c      0x114 /home/bahadira/gcc-arm-none-eabi-10.3/bin/../lib/gcc/arm-none-eabi/10.3.1/thumb/v6-m/nofp/libgcc.a(_udivsi3.o)
                0x000000000000057c                __udivsi3
                0x000000000000057c                __aeabi_uidiv
                0x0000000000000688                __aeabi_uidivmod
 .text          0x0000000000000690        0x4 /home/bahadira/gcc-arm-none-eabi-10.3/bin/../lib/gcc/arm-none-eabi/10.3.1/thumb/v6-m/nofp/libgcc.a(_dvmd_tls.o)
                0x0000000000000690                __aeabi_ldiv0
                0x0000000000000690                __aeabi_idiv0
 *(.text*)
 .text.BOARD_InitDebugConsole
                0x0000000000000694       0x38 CMakeFiles/UsartTx.elf.dir/board/board.c.obj
                0x0000000000000694                BOARD_InitDebugConsole
 .text.BOARD_BootClockRUN
                0x00000000000006cc       0x70 CMakeFiles/UsartTx.elf.dir/board/clock_config.c.obj
                0x00000000000006cc                BOARD_BootClockRUN
 .text.BOARD_InitBootClocks
                0x000000000000073c        0x8 CMakeFiles/UsartTx.elf.dir/board/clock_config.c.obj
                0x000000000000073c                BOARD_InitBootClocks
 .text.BOARD_InitPins
                0x0000000000000744       0x48 CMakeFiles/UsartTx.elf.dir/board/pin_mux.c.obj
                0x0000000000000744                BOARD_InitPins
 .text.BOARD_InitBootPins
                0x000000000000078c        0x8 CMakeFiles/UsartTx.elf.dir/board/pin_mux.c.obj
                0x000000000000078c                BOARD_InitBootPins
 .text.SysTick_Handler
                0x0000000000000794       0x14 CMakeFiles/UsartTx.elf.dir/source/main.c.obj
                0x0000000000000794                SysTick_Handler
 .text.SysTick_DelayTicks
                0x00000000000007a8       0x10 CMakeFiles/UsartTx.elf.dir/source/main.c.obj
                0x00000000000007a8                SysTick_DelayTicks
 .text.startup.main
                0x00000000000007b8       0xbc CMakeFiles/UsartTx.elf.dir/source/main.c.obj
                0x00000000000007b8                main
 .text.HAL_UartInit
                0x0000000000000874       0x6c CMakeFiles/UsartTx.elf.dir/component/uart/fsl_adapter_miniusart.c.obj
                0x0000000000000874                HAL_UartInit
 .text.HAL_UartReceiveBlocking
                0x00000000000008e0       0x2c CMakeFiles/UsartTx.elf.dir/component/uart/fsl_adapter_miniusart.c.obj
                0x00000000000008e0                HAL_UartReceiveBlocking
 .text.HAL_UartSendBlocking
                0x000000000000090c       0x18 CMakeFiles/UsartTx.elf.dir/component/uart/fsl_adapter_miniusart.c.obj
                0x000000000000090c                HAL_UartSendBlocking
 .text.SystemInitHook
                0x0000000000000924        0x2 CMakeFiles/UsartTx.elf.dir/device/system_LPC824.c.obj
                0x0000000000000924                SystemInitHook
 *fill*         0x0000000000000926        0x2 
 .text.SystemInit
                0x0000000000000928       0x24 CMakeFiles/UsartTx.elf.dir/device/system_LPC824.c.obj
                0x0000000000000928                SystemInit
 .text.CLOCK_UpdateClkSrc
                0x000000000000094c       0x14 CMakeFiles/UsartTx.elf.dir/drivers/fsl_clock.c.obj
 .text.CLOCK_GetSysOscFreq
                0x0000000000000960       0x1c CMakeFiles/UsartTx.elf.dir/drivers/fsl_clock.c.obj
                0x0000000000000960                CLOCK_GetSysOscFreq
 .text.CLOCK_GetSystemPLLInClockRate
                0x000000000000097c       0x40 CMakeFiles/UsartTx.elf.dir/drivers/fsl_clock.c.obj
                0x000000000000097c                CLOCK_GetSystemPLLInClockRate
 .text.CLOCK_GetMainClkFreq
                0x00000000000009bc       0x44 CMakeFiles/UsartTx.elf.dir/drivers/fsl_clock.c.obj
                0x00000000000009bc                CLOCK_GetMainClkFreq
 .text.CLOCK_InitSystemPll
                0x0000000000000a00       0x9c CMakeFiles/UsartTx.elf.dir/drivers/fsl_clock.c.obj
                0x0000000000000a00                CLOCK_InitSystemPll
 .text.CLOCK_SetMainClkSrc
                0x0000000000000a9c       0x34 CMakeFiles/UsartTx.elf.dir/drivers/fsl_clock.c.obj
                0x0000000000000a9c                CLOCK_SetMainClkSrc
 .text.USART_GetInstance
                0x0000000000000ad0       0x2c CMakeFiles/UsartTx.elf.dir/drivers/fsl_usart.c.obj
                0x0000000000000ad0                USART_GetInstance
 .text.USART_GetDefaultConfig
                0x0000000000000afc       0x20 CMakeFiles/UsartTx.elf.dir/drivers/fsl_usart.c.obj
                0x0000000000000afc                USART_GetDefaultConfig
 .text.USART_SetBaudRate
                0x0000000000000b1c       0xa4 CMakeFiles/UsartTx.elf.dir/drivers/fsl_usart.c.obj
                0x0000000000000b1c                USART_SetBaudRate
 .text.USART_Init
                0x0000000000000bc0       0xfc CMakeFiles/UsartTx.elf.dir/drivers/fsl_usart.c.obj
                0x0000000000000bc0                USART_Init
 .text.USART_WriteBlocking
                0x0000000000000cbc       0x24 CMakeFiles/UsartTx.elf.dir/drivers/fsl_usart.c.obj
                0x0000000000000cbc                USART_WriteBlocking
 .text.USART_ReadBlocking
                0x0000000000000ce0       0x7c CMakeFiles/UsartTx.elf.dir/drivers/fsl_usart.c.obj
                0x0000000000000ce0                USART_ReadBlocking
 .text.USART0_DriverIRQHandler
                0x0000000000000d5c       0x1c CMakeFiles/UsartTx.elf.dir/drivers/fsl_usart.c.obj
                0x0000000000000d5c                USART0_DriverIRQHandler
 .text.USART1_DriverIRQHandler
                0x0000000000000d78       0x1c CMakeFiles/UsartTx.elf.dir/drivers/fsl_usart.c.obj
                0x0000000000000d78                USART1_DriverIRQHandler
 .text.USART2_DriverIRQHandler
                0x0000000000000d94       0x1c CMakeFiles/UsartTx.elf.dir/drivers/fsl_usart.c.obj
                0x0000000000000d94                USART2_DriverIRQHandler
 .text.RESET_SetPeripheralReset
                0x0000000000000db0       0x14 CMakeFiles/UsartTx.elf.dir/drivers/fsl_reset.c.obj
                0x0000000000000db0                RESET_SetPeripheralReset
 .text.RESET_ClearPeripheralReset
                0x0000000000000dc4       0x14 CMakeFiles/UsartTx.elf.dir/drivers/fsl_reset.c.obj
                0x0000000000000dc4                RESET_ClearPeripheralReset
 .text.RESET_PeripheralReset
                0x0000000000000dd8       0x10 CMakeFiles/UsartTx.elf.dir/drivers/fsl_reset.c.obj
                0x0000000000000dd8                RESET_PeripheralReset
 .text.SWM_SetMovablePinSelect
                0x0000000000000de8       0x1e CMakeFiles/UsartTx.elf.dir/drivers/fsl_swm.c.obj
                0x0000000000000de8                SWM_SetMovablePinSelect
 *fill*         0x0000000000000e06        0x2 
 .text._sbrk    0x0000000000000e08       0x38 CMakeFiles/UsartTx.elf.dir/utilities/fsl_sbrk.c.obj
                0x0000000000000e08                _sbrk
 .text.DbgConsole_Putchar
                0x0000000000000e40       0x24 CMakeFiles/UsartTx.elf.dir/utilities/fsl_debug_console.c.obj
                0x0000000000000e40                DbgConsole_Putchar
 .text.DbgConsole_ConvertRadixNumToString.constprop.0
                0x0000000000000e64       0x4a CMakeFiles/UsartTx.elf.dir/utilities/fsl_debug_console.c.obj
 *fill*         0x0000000000000eae        0x2 
 .text.DbgConsole_Init
                0x0000000000000eb0       0x4c CMakeFiles/UsartTx.elf.dir/utilities/fsl_debug_console.c.obj
                0x0000000000000eb0                DbgConsole_Init
 .text.DbgConsole_Vprintf
                0x0000000000000efc      0x208 CMakeFiles/UsartTx.elf.dir/utilities/fsl_debug_console.c.obj
                0x0000000000000efc                DbgConsole_Vprintf
 .text.DbgConsole_Printf
                0x0000000000001104       0x16 CMakeFiles/UsartTx.elf.dir/utilities/fsl_debug_console.c.obj
                0x0000000000001104                DbgConsole_Printf
 *fill*         0x000000000000111a        0x2 
 .text.__errno  0x000000000000111c        0xc /home/bahadira/gcc-arm-none-eabi-10.3/bin/../lib/gcc/arm-none-eabi/10.3.1/../../../../arm-none-eabi/lib/thumb/v6-m/nofp/libc_nano.a(lib_a-errno.o)
                0x000000000000111c                __errno
 .text.exit     0x0000000000001128       0x2c /home/bahadira/gcc-arm-none-eabi-10.3/bin/../lib/gcc/arm-none-eabi/10.3.1/../../../../arm-none-eabi/lib/thumb/v6-m/nofp/libc_nano.a(lib_a-exit.o)
                0x0000000000001128                exit
 .text.__libc_init_array
                0x0000000000001154       0x48 /home/bahadira/gcc-arm-none-eabi-10.3/bin/../lib/gcc/arm-none-eabi/10.3.1/../../../../arm-none-eabi/lib/thumb/v6-m/nofp/libc_nano.a(lib_a-init.o)
                0x0000000000001154                __libc_init_array
 .text.memcpy   0x000000000000119c       0x12 /home/bahadira/gcc-arm-none-eabi-10.3/bin/../lib/gcc/arm-none-eabi/10.3.1/../../../../arm-none-eabi/lib/thumb/v6-m/nofp/libc_nano.a(lib_a-memcpy-stub.o)
                0x000000000000119c                memcpy
 .text.memset   0x00000000000011ae       0x10 /home/bahadira/gcc-arm-none-eabi-10.3/bin/../lib/gcc/arm-none-eabi/10.3.1/../../../../arm-none-eabi/lib/thumb/v6-m/nofp/libc_nano.a(lib_a-memset.o)
                0x00000000000011ae                memset
 *fill*         0x00000000000011be        0x2 
 .text._free_r  0x00000000000011c0       0x94 /home/bahadira/gcc-arm-none-eabi-10.3/bin/../lib/gcc/arm-none-eabi/10.3.1/../../../../arm-none-eabi/lib/thumb/v6-m/nofp/libc_nano.a(lib_a-nano-freer.o)
                0x00000000000011c0                _free_r
 .text.sbrk_aligned
                0x0000000000001254       0x44 /home/bahadira/gcc-arm-none-eabi-10.3/bin/../lib/gcc/arm-none-eabi/10.3.1/../../../../arm-none-eabi/lib/thumb/v6-m/nofp/libc_nano.a(lib_a-nano-mallocr.o)
 .text._malloc_r
                0x0000000000001298       0xec /home/bahadira/gcc-arm-none-eabi-10.3/bin/../lib/gcc/arm-none-eabi/10.3.1/../../../../arm-none-eabi/lib/thumb/v6-m/nofp/libc_nano.a(lib_a-nano-mallocr.o)
                0x0000000000001298                _malloc_r
 .text._sbrk_r  0x0000000000001384       0x24 /home/bahadira/gcc-arm-none-eabi-10.3/bin/../lib/gcc/arm-none-eabi/10.3.1/../../../../arm-none-eabi/lib/thumb/v6-m/nofp/libc_nano.a(lib_a-sbrkr.o)
                0x0000000000001384                _sbrk_r
 .text.sprintf  0x00000000000013a8       0x40 /home/bahadira/gcc-arm-none-eabi-10.3/bin/../lib/gcc/arm-none-eabi/10.3.1/../../../../arm-none-eabi/lib/thumb/v6-m/nofp/libc_nano.a(lib_a-sprintf.o)
                0x00000000000013a8                sprintf
                0x00000000000013a8                siprintf
 .text.__malloc_lock
                0x00000000000013e8       0x10 /home/bahadira/gcc-arm-none-eabi-10.3/bin/../lib/gcc/arm-none-eabi/10.3.1/../../../../arm-none-eabi/lib/thumb/v6-m/nofp/libc_nano.a(lib_a-mlock.o)
                0x00000000000013e8                __malloc_lock
 .text.__malloc_unlock
                0x00000000000013f8       0x10 /home/bahadira/gcc-arm-none-eabi-10.3/bin/../lib/gcc/arm-none-eabi/10.3.1/../../../../arm-none-eabi/lib/thumb/v6-m/nofp/libc_nano.a(lib_a-mlock.o)
                0x00000000000013f8                __malloc_unlock
 .text.__ssputs_r
                0x0000000000001408       0xc4 /home/bahadira/gcc-arm-none-eabi-10.3/bin/../lib/gcc/arm-none-eabi/10.3.1/../../../../arm-none-eabi/lib/thumb/v6-m/nofp/libc_nano.a(lib_a-nano-svfprintf.o)
                0x0000000000001408                __ssputs_r
 .text._svfprintf_r
                0x00000000000014cc      0x200 /home/bahadira/gcc-arm-none-eabi-10.3/bin/../lib/gcc/arm-none-eabi/10.3.1/../../../../arm-none-eabi/lib/thumb/v6-m/nofp/libc_nano.a(lib_a-nano-svfprintf.o)
                0x00000000000014cc                _svfprintf_r
                0x00000000000014cc                _svfiprintf_r
 .text._printf_common
                0x00000000000016cc       0xde /home/bahadira/gcc-arm-none-eabi-10.3/bin/../lib/gcc/arm-none-eabi/10.3.1/../../../../arm-none-eabi/lib/thumb/v6-m/nofp/libc_nano.a(lib_a-nano-vfprintf_i.o)
                0x00000000000016cc                _printf_common
 *fill*         0x00000000000017aa        0x2 
 .text._printf_i
                0x00000000000017ac      0x224 /home/bahadira/gcc-arm-none-eabi-10.3/bin/../lib/gcc/arm-none-eabi/10.3.1/../../../../arm-none-eabi/lib/thumb/v6-m/nofp/libc_nano.a(lib_a-nano-vfprintf_i.o)
                0x00000000000017ac                _printf_i
 .text.__retarget_lock_acquire_recursive
                0x00000000000019d0        0x2 /home/bahadira/gcc-arm-none-eabi-10.3/bin/../lib/gcc/arm-none-eabi/10.3.1/../../../../arm-none-eabi/lib/thumb/v6-m/nofp/libc_nano.a(lib_a-lock.o)
                0x00000000000019d0                __retarget_lock_acquire_recursive
 .text.__retarget_lock_release_recursive
                0x00000000000019d2        0x2 /home/bahadira/gcc-arm-none-eabi-10.3/bin/../lib/gcc/arm-none-eabi/10.3.1/../../../../arm-none-eabi/lib/thumb/v6-m/nofp/libc_nano.a(lib_a-lock.o)
                0x00000000000019d2                __retarget_lock_release_recursive
 .text.memchr   0x00000000000019d4       0x16 /home/bahadira/gcc-arm-none-eabi-10.3/bin/../lib/gcc/arm-none-eabi/10.3.1/../../../../arm-none-eabi/lib/thumb/v6-m/nofp/libc_nano.a(lib_a-memchr-stub.o)
                0x00000000000019d4                memchr
 .text.memmove  0x00000000000019ea       0x26 /home/bahadira/gcc-arm-none-eabi-10.3/bin/../lib/gcc/arm-none-eabi/10.3.1/../../../../arm-none-eabi/lib/thumb/v6-m/nofp/libc_nano.a(lib_a-memmove.o)
                0x00000000000019ea                memmove
 .text._realloc_r
                0x0000000000001a10       0x5e /home/bahadira/gcc-arm-none-eabi-10.3/bin/../lib/gcc/arm-none-eabi/10.3.1/../../../../arm-none-eabi/lib/thumb/v6-m/nofp/libc_nano.a(lib_a-nano-reallocr.o)
                0x0000000000001a10                _realloc_r
 .text._malloc_usable_size_r
                0x0000000000001a6e       0x10 /home/bahadira/gcc-arm-none-eabi-10.3/bin/../lib/gcc/arm-none-eabi/10.3.1/../../../../arm-none-eabi/lib/thumb/v6-m/nofp/libc_nano.a(lib_a-nano-msizer.o)
                0x0000000000001a6e                _malloc_usable_size_r
 *fill*         0x0000000000001a7e        0x2 
 .text._exit    0x0000000000001a80        0x4 /home/bahadira/gcc-arm-none-eabi-10.3/bin/../lib/gcc/arm-none-eabi/10.3.1/../../../../arm-none-eabi/lib/thumb/v6-m/nofp/libnosys.a(_exit.o)
                0x0000000000001a80                _exit
 *(.rodata)
 *(.rodata*)
 .rodata.main.str1.1
                0x0000000000001a84       0x1a CMakeFiles/UsartTx.elf.dir/source/main.c.obj
                                         0x1f (size before relaxing)
 *fill*         0x0000000000001a9e        0x2 
 .rodata.s_UsartAdapterBase
                0x0000000000001aa0        0xc CMakeFiles/UsartTx.elf.dir/component/uart/fsl_adapter_miniusart.c.obj
 .rodata.s_usartClock
                0x0000000000001aac        0x3 CMakeFiles/UsartTx.elf.dir/drivers/fsl_usart.c.obj
 .rodata.s_usartRest
                0x0000000000001aaf        0x3 CMakeFiles/UsartTx.elf.dir/drivers/fsl_usart.c.obj
 *fill*         0x0000000000001ab2        0x2 
 .rodata._global_impure_ptr
                0x0000000000001ab4        0x4 /home/bahadira/gcc-arm-none-eabi-10.3/bin/../lib/gcc/arm-none-eabi/10.3.1/../../../../arm-none-eabi/lib/thumb/v6-m/nofp/libc_nano.a(lib_a-impure.o)
                0x0000000000001ab4                _global_impure_ptr
 .rodata._svfprintf_r.str1.1
                0x0000000000001ab8       0x11 /home/bahadira/gcc-arm-none-eabi-10.3/bin/../lib/gcc/arm-none-eabi/10.3.1/../../../../arm-none-eabi/lib/thumb/v6-m/nofp/libc_nano.a(lib_a-nano-svfprintf.o)
 .rodata._printf_i.str1.1
                0x0000000000001ac9       0x22 /home/bahadira/gcc-arm-none-eabi-10.3/bin/../lib/gcc/arm-none-eabi/10.3.1/../../../../arm-none-eabi/lib/thumb/v6-m/nofp/libc_nano.a(lib_a-nano-vfprintf_i.o)
 *(.glue_7)
 .glue_7        0x0000000000001aeb        0x0 linker stubs
 *(.glue_7t)
 .glue_7t       0x0000000000001aeb        0x0 linker stubs
 *(.eh_frame)
 *fill*         0x0000000000001aeb        0x1 
 .eh_frame      0x0000000000001aec        0x0 /home/bahadira/gcc-arm-none-eabi-10.3/bin/../lib/gcc/arm-none-eabi/10.3.1/thumb/v6-m/nofp/crtbegin.o
 *(.init)
 .init          0x0000000000001aec        0x4 /home/bahadira/gcc-arm-none-eabi-10.3/bin/../lib/gcc/arm-none-eabi/10.3.1/thumb/v6-m/nofp/crti.o
                0x0000000000001aec                _init
 .init          0x0000000000001af0        0x8 /home/bahadira/gcc-arm-none-eabi-10.3/bin/../lib/gcc/arm-none-eabi/10.3.1/thumb/v6-m/nofp/crtn.o
 *(.fini)
 .fini          0x0000000000001af8        0x4 /home/bahadira/gcc-arm-none-eabi-10.3/bin/../lib/gcc/arm-none-eabi/10.3.1/thumb/v6-m/nofp/crti.o
                0x0000000000001af8                _fini
 .fini          0x0000000000001afc        0x8 /home/bahadira/gcc-arm-none-eabi-10.3/bin/../lib/gcc/arm-none-eabi/10.3.1/thumb/v6-m/nofp/crtn.o
                0x0000000000001b04                . = ALIGN (0x4)

.vfp11_veneer   0x0000000000001b04        0x0
 .vfp11_veneer  0x0000000000001b04        0x0 linker stubs

.v4_bx          0x0000000000001b04        0x0
 .v4_bx         0x0000000000001b04        0x0 linker stubs

.iplt           0x0000000000001b04        0x0
 .iplt          0x0000000000001b04        0x0 /home/bahadira/gcc-arm-none-eabi-10.3/bin/../lib/gcc/arm-none-eabi/10.3.1/thumb/v6-m/nofp/crtbegin.o

.ARM.extab
 *(.ARM.extab* .gnu.linkonce.armextab.*)

.ARM            0x0000000000001b04        0x8
                0x0000000000001b04                __exidx_start = .
 *(.ARM.exidx*)
 .ARM.exidx     0x0000000000001b04        0x8 /home/bahadira/gcc-arm-none-eabi-10.3/bin/../lib/gcc/arm-none-eabi/10.3.1/../../../../arm-none-eabi/lib/thumb/v6-m/nofp/crt0.o
                                         0x10 (size before relaxing)
                0x0000000000001b0c                __exidx_end = .

.rel.dyn        0x0000000000001b0c        0x0
 .rel.iplt      0x0000000000001b0c        0x0 /home/bahadira/gcc-arm-none-eabi-10.3/bin/../lib/gcc/arm-none-eabi/10.3.1/thumb/v6-m/nofp/crtbegin.o

.ctors          0x0000000000001b0c        0x0
                0x0000000000001b0c                __CTOR_LIST__ = .
 *crtbegin.o(.ctors)
 *crtbegin?.o(.ctors)
 *(EXCLUDE_FILE(*crtend.o *crtend?.o) .ctors)
 *(SORT_BY_NAME(.ctors.*))
 *(.ctors)
                0x0000000000001b0c                __CTOR_END__ = .

.dtors          0x0000000000001b0c        0x0
                0x0000000000001b0c                __DTOR_LIST__ = .
 *crtbegin.o(.dtors)
 *crtbegin?.o(.dtors)
 *(EXCLUDE_FILE(*crtend.o *crtend?.o) .dtors)
 *(SORT_BY_NAME(.dtors.*))
 *(.dtors)
                0x0000000000001b0c                __DTOR_END__ = .

.preinit_array  0x0000000000001b0c        0x0
                0x0000000000001b0c                PROVIDE (__preinit_array_start = .)
 *(.preinit_array*)
                0x0000000000001b0c                PROVIDE (__preinit_array_end = .)

.init_array     0x0000000000001b0c        0x4
                0x0000000000001b0c                PROVIDE (__init_array_start = .)
 *(SORT_BY_NAME(.init_array.*))
 *(.init_array*)
 .init_array    0x0000000000001b0c        0x4 /home/bahadira/gcc-arm-none-eabi-10.3/bin/../lib/gcc/arm-none-eabi/10.3.1/thumb/v6-m/nofp/crtbegin.o
                0x0000000000001b10                PROVIDE (__init_array_end = .)

.fini_array     0x0000000000001b10        0x4
                [!provide]                        PROVIDE (__fini_array_start = .)
 *(SORT_BY_NAME(.fini_array.*))
 *(.fini_array*)
 .fini_array    0x0000000000001b10        0x4 /home/bahadira/gcc-arm-none-eabi-10.3/bin/../lib/gcc/arm-none-eabi/10.3.1/thumb/v6-m/nofp/crtbegin.o
                [!provide]                        PROVIDE (__fini_array_end = .)
                0x0000000000001b14                __etext = .
                0x0000000000001b14                __DATA_ROM = .

.data           0x0000000010000000       0x68 load address 0x0000000000001b14
                0x0000000010000000                . = ALIGN (0x4)
                0x0000000010000000                __DATA_RAM = .
                0x0000000010000000                __data_start__ = .
 *(.ramfunc*)
 *(.data)
 *(.data*)
 .data.SystemCoreClock
                0x0000000010000000        0x4 CMakeFiles/UsartTx.elf.dir/device/system_LPC824.c.obj
                0x0000000010000000                SystemCoreClock
 .data._impure_ptr
                0x0000000010000004        0x4 /home/bahadira/gcc-arm-none-eabi-10.3/bin/../lib/gcc/arm-none-eabi/10.3.1/../../../../arm-none-eabi/lib/thumb/v6-m/nofp/libc_nano.a(lib_a-impure.o)
                0x0000000010000004                _impure_ptr
 .data.impure_data
                0x0000000010000008       0x60 /home/bahadira/gcc-arm-none-eabi-10.3/bin/../lib/gcc/arm-none-eabi/10.3.1/../../../../arm-none-eabi/lib/thumb/v6-m/nofp/libc_nano.a(lib_a-impure.o)
 *(.jcr*)
                0x0000000010000068                . = ALIGN (0x4)
                0x0000000010000068                __data_end__ = .
                0x0000000000001b7c                __DATA_END = (__DATA_ROM + (__data_end__ - __data_start__))
                0x0000000000008000                text_end = (ORIGIN (m_text) + LENGTH (m_text))
                0x0000000000000001                ASSERT ((__DATA_END <= text_end), region m_text overflowed with text and data)

.igot.plt       0x0000000010000068        0x0 load address 0x0000000000001b7c
 .igot.plt      0x0000000010000068        0x0 /home/bahadira/gcc-arm-none-eabi-10.3/bin/../lib/gcc/arm-none-eabi/10.3.1/thumb/v6-m/nofp/crtbegin.o

.bss            0x0000000010000068       0x88 load address 0x0000000000001b7c
                0x0000000010000068                . = ALIGN (0x4)
                0x0000000010000068                __START_BSS = .
                0x0000000010000068                __bss_start__ = .
 *(.bss)
 .bss           0x0000000010000068       0x1c /home/bahadira/gcc-arm-none-eabi-10.3/bin/../lib/gcc/arm-none-eabi/10.3.1/thumb/v6-m/nofp/crtbegin.o
 *(.bss*)
 .bss.TxBuffer  0x0000000010000084       0x20 CMakeFiles/UsartTx.elf.dir/source/main.c.obj
                0x0000000010000084                TxBuffer
 .bss.g_systickCounter
                0x00000000100000a4        0x4 CMakeFiles/UsartTx.elf.dir/source/main.c.obj
                0x00000000100000a4                g_systickCounter
 .bss.sayi      0x00000000100000a8        0x2 CMakeFiles/UsartTx.elf.dir/source/main.c.obj
                0x00000000100000a8                sayi
 *fill*         0x00000000100000aa        0x2 
 .bss.g_Ext_Clk_Freq
                0x00000000100000ac        0x4 CMakeFiles/UsartTx.elf.dir/drivers/fsl_clock.c.obj
                0x00000000100000ac                g_Ext_Clk_Freq
 .bss.g_Wdt_Osc_Freq
                0x00000000100000b0        0x4 CMakeFiles/UsartTx.elf.dir/drivers/fsl_clock.c.obj
                0x00000000100000b0                g_Wdt_Osc_Freq
 .bss.s_Sys_Pll_Freq
                0x00000000100000b4        0x4 CMakeFiles/UsartTx.elf.dir/drivers/fsl_clock.c.obj
 .bss.s_usartHandle
                0x00000000100000b8        0xc CMakeFiles/UsartTx.elf.dir/drivers/fsl_usart.c.obj
 .bss.s_usartIsr
                0x00000000100000c4        0x4 CMakeFiles/UsartTx.elf.dir/drivers/fsl_usart.c.obj
 .bss.heap_end.0
                0x00000000100000c8        0x4 CMakeFiles/UsartTx.elf.dir/utilities/fsl_sbrk.c.obj
 .bss.s_debugConsole
                0x00000000100000cc       0x14 CMakeFiles/UsartTx.elf.dir/utilities/fsl_debug_console.c.obj
 .bss.__malloc_free_list
                0x00000000100000e0        0x4 /home/bahadira/gcc-arm-none-eabi-10.3/bin/../lib/gcc/arm-none-eabi/10.3.1/../../../../arm-none-eabi/lib/thumb/v6-m/nofp/libc_nano.a(lib_a-nano-mallocr.o)
                0x00000000100000e0                __malloc_free_list
 .bss.__malloc_sbrk_start
                0x00000000100000e4        0x4 /home/bahadira/gcc-arm-none-eabi-10.3/bin/../lib/gcc/arm-none-eabi/10.3.1/../../../../arm-none-eabi/lib/thumb/v6-m/nofp/libc_nano.a(lib_a-nano-mallocr.o)
                0x00000000100000e4                __malloc_sbrk_start
 .bss.errno     0x00000000100000e8        0x4 /home/bahadira/gcc-arm-none-eabi-10.3/bin/../lib/gcc/arm-none-eabi/10.3.1/../../../../arm-none-eabi/lib/thumb/v6-m/nofp/libc_nano.a(lib_a-reent.o)
                0x00000000100000e8                errno
 .bss.__lock___malloc_recursive_mutex
                0x00000000100000ec        0x1 /home/bahadira/gcc-arm-none-eabi-10.3/bin/../lib/gcc/arm-none-eabi/10.3.1/../../../../arm-none-eabi/lib/thumb/v6-m/nofp/libc_nano.a(lib_a-lock.o)
                0x00000000100000ec                __lock___malloc_recursive_mutex
 *(COMMON)
                0x00000000100000f0                . = ALIGN (0x4)
 *fill*         0x00000000100000ed        0x3 
                0x00000000100000f0                __bss_end__ = .
                0x00000000100000f0                __END_BSS = .

.heap           0x00000000100000f0      0x400 load address 0x0000000000001c04
                0x00000000100000f0                . = ALIGN (0x8)
                0x00000000100000f0                __end__ = .
                0x00000000100000f0                PROVIDE (end = .)
                0x00000000100000f0                __HeapBase = .
                0x00000000100004f0                . = (. + HEAP_SIZE)
 *fill*         0x00000000100000f0      0x400 
                0x00000000100004f0                __HeapLimit = .
                0x00000000100004f0                __heap_limit = .

.stack          0x00000000100004f0      0x800 load address 0x0000000000002004
                0x00000000100004f0                . = ALIGN (0x8)
                0x0000000010000cf0                . = (. + STACK_SIZE)
 *fill*         0x00000000100004f0      0x800 
                0x0000000010001fe0                __StackTop = (ORIGIN (m_data) + LENGTH (m_data))
                0x00000000100017e0                __StackLimit = (__StackTop - STACK_SIZE)
                0x0000000010001fe0                PROVIDE (__stack = __StackTop)

.ARM.attributes
                0x0000000000000000       0x28
 *(.ARM.attributes)
 .ARM.attributes
                0x0000000000000000       0x1e /home/bahadira/gcc-arm-none-eabi-10.3/bin/../lib/gcc/arm-none-eabi/10.3.1/thumb/v6-m/nofp/crti.o
 .ARM.attributes
                0x000000000000001e       0x2c /home/bahadira/gcc-arm-none-eabi-10.3/bin/../lib/gcc/arm-none-eabi/10.3.1/thumb/v6-m/nofp/crtbegin.o
 .ARM.attributes
                0x000000000000004a       0x1b /home/bahadira/gcc-arm-none-eabi-10.3/bin/../lib/gcc/arm-none-eabi/10.3.1/../../../../arm-none-eabi/lib/thumb/v6-m/nofp/crt0.o
 .ARM.attributes
                0x0000000000000065       0x2c CMakeFiles/UsartTx.elf.dir/board/board.c.obj
 .ARM.attributes
                0x0000000000000091       0x2c CMakeFiles/UsartTx.elf.dir/board/clock_config.c.obj
 .ARM.attributes
                0x00000000000000bd       0x2c CMakeFiles/UsartTx.elf.dir/board/pin_mux.c.obj
 .ARM.attributes
                0x00000000000000e9       0x2c CMakeFiles/UsartTx.elf.dir/source/main.c.obj
 .ARM.attributes
                0x0000000000000115       0x2c CMakeFiles/UsartTx.elf.dir/component/uart/fsl_adapter_miniusart.c.obj
 .ARM.attributes
                0x0000000000000141       0x1b CMakeFiles/UsartTx.elf.dir/startup/startup_LPC824.S.obj
 .ARM.attributes
                0x000000000000015c       0x2c CMakeFiles/UsartTx.elf.dir/device/system_LPC824.c.obj
 .ARM.attributes
                0x0000000000000188       0x2c CMakeFiles/UsartTx.elf.dir/drivers/fsl_clock.c.obj
 .ARM.attributes
                0x00000000000001b4       0x2c CMakeFiles/UsartTx.elf.dir/drivers/fsl_usart.c.obj
 .ARM.attributes
                0x00000000000001e0       0x2c CMakeFiles/UsartTx.elf.dir/drivers/fsl_reset.c.obj
 .ARM.attributes
                0x000000000000020c       0x2c CMakeFiles/UsartTx.elf.dir/drivers/fsl_swm.c.obj
 .ARM.attributes
                0x0000000000000238       0x2c CMakeFiles/UsartTx.elf.dir/utilities/fsl_sbrk.c.obj
 .ARM.attributes
                0x0000000000000264       0x2c CMakeFiles/UsartTx.elf.dir/utilities/fsl_debug_console.c.obj
 .ARM.attributes
                0x0000000000000290       0x2c /home/bahadira/gcc-arm-none-eabi-10.3/bin/../lib/gcc/arm-none-eabi/10.3.1/../../../../arm-none-eabi/lib/thumb/v6-m/nofp/libc_nano.a(lib_a-errno.o)
 .ARM.attributes
                0x00000000000002bc       0x2c /home/bahadira/gcc-arm-none-eabi-10.3/bin/../lib/gcc/arm-none-eabi/10.3.1/../../../../arm-none-eabi/lib/thumb/v6-m/nofp/libc_nano.a(lib_a-exit.o)
 .ARM.attributes
                0x00000000000002e8       0x2c /home/bahadira/gcc-arm-none-eabi-10.3/bin/../lib/gcc/arm-none-eabi/10.3.1/../../../../arm-none-eabi/lib/thumb/v6-m/nofp/libc_nano.a(lib_a-impure.o)
 .ARM.attributes
                0x0000000000000314       0x2c /home/bahadira/gcc-arm-none-eabi-10.3/bin/../lib/gcc/arm-none-eabi/10.3.1/../../../../arm-none-eabi/lib/thumb/v6-m/nofp/libc_nano.a(lib_a-init.o)
 .ARM.attributes
                0x0000000000000340       0x2c /home/bahadira/gcc-arm-none-eabi-10.3/bin/../lib/gcc/arm-none-eabi/10.3.1/../../../../arm-none-eabi/lib/thumb/v6-m/nofp/libc_nano.a(lib_a-memcpy-stub.o)
 .ARM.attributes
                0x000000000000036c       0x2c /home/bahadira/gcc-arm-none-eabi-10.3/bin/../lib/gcc/arm-none-eabi/10.3.1/../../../../arm-none-eabi/lib/thumb/v6-m/nofp/libc_nano.a(lib_a-memset.o)
 .ARM.attributes
                0x0000000000000398       0x2c /home/bahadira/gcc-arm-none-eabi-10.3/bin/../lib/gcc/arm-none-eabi/10.3.1/../../../../arm-none-eabi/lib/thumb/v6-m/nofp/libc_nano.a(lib_a-nano-freer.o)
 .ARM.attributes
                0x00000000000003c4       0x2c /home/bahadira/gcc-arm-none-eabi-10.3/bin/../lib/gcc/arm-none-eabi/10.3.1/../../../../arm-none-eabi/lib/thumb/v6-m/nofp/libc_nano.a(lib_a-nano-mallocr.o)
 .ARM.attributes
                0x00000000000003f0       0x2c /home/bahadira/gcc-arm-none-eabi-10.3/bin/../lib/gcc/arm-none-eabi/10.3.1/../../../../arm-none-eabi/lib/thumb/v6-m/nofp/libc_nano.a(lib_a-sbrkr.o)
 .ARM.attributes
                0x000000000000041c       0x2c /home/bahadira/gcc-arm-none-eabi-10.3/bin/../lib/gcc/arm-none-eabi/10.3.1/../../../../arm-none-eabi/lib/thumb/v6-m/nofp/libc_nano.a(lib_a-sprintf.o)
 .ARM.attributes
                0x0000000000000448       0x1c /home/bahadira/gcc-arm-none-eabi-10.3/bin/../lib/gcc/arm-none-eabi/10.3.1/../../../../arm-none-eabi/lib/thumb/v6-m/nofp/libc_nano.a(lib_a-strlen.o)
 .ARM.attributes
                0x0000000000000464       0x2c /home/bahadira/gcc-arm-none-eabi-10.3/bin/../lib/gcc/arm-none-eabi/10.3.1/../../../../arm-none-eabi/lib/thumb/v6-m/nofp/libc_nano.a(lib_a-mlock.o)
 .ARM.attributes
                0x0000000000000490       0x2c /home/bahadira/gcc-arm-none-eabi-10.3/bin/../lib/gcc/arm-none-eabi/10.3.1/../../../../arm-none-eabi/lib/thumb/v6-m/nofp/libc_nano.a(lib_a-nano-svfprintf.o)
 .ARM.attributes
                0x00000000000004bc       0x2c /home/bahadira/gcc-arm-none-eabi-10.3/bin/../lib/gcc/arm-none-eabi/10.3.1/../../../../arm-none-eabi/lib/thumb/v6-m/nofp/libc_nano.a(lib_a-nano-vfprintf_i.o)
 .ARM.attributes
                0x00000000000004e8       0x2c /home/bahadira/gcc-arm-none-eabi-10.3/bin/../lib/gcc/arm-none-eabi/10.3.1/../../../../arm-none-eabi/lib/thumb/v6-m/nofp/libc_nano.a(lib_a-reent.o)
 .ARM.attributes
                0x0000000000000514       0x2c /home/bahadira/gcc-arm-none-eabi-10.3/bin/../lib/gcc/arm-none-eabi/10.3.1/../../../../arm-none-eabi/lib/thumb/v6-m/nofp/libc_nano.a(lib_a-lock.o)
 .ARM.attributes
                0x0000000000000540       0x2c /home/bahadira/gcc-arm-none-eabi-10.3/bin/../lib/gcc/arm-none-eabi/10.3.1/../../../../arm-none-eabi/lib/thumb/v6-m/nofp/libc_nano.a(lib_a-memchr-stub.o)
 .ARM.attributes
                0x000000000000056c       0x2c /home/bahadira/gcc-arm-none-eabi-10.3/bin/../lib/gcc/arm-none-eabi/10.3.1/../../../../arm-none-eabi/lib/thumb/v6-m/nofp/libc_nano.a(lib_a-memmove.o)
 .ARM.attributes
                0x0000000000000598       0x2c /home/bahadira/gcc-arm-none-eabi-10.3/bin/../lib/gcc/arm-none-eabi/10.3.1/../../../../arm-none-eabi/lib/thumb/v6-m/nofp/libc_nano.a(lib_a-nano-reallocr.o)
 .ARM.attributes
                0x00000000000005c4       0x2c /home/bahadira/gcc-arm-none-eabi-10.3/bin/../lib/gcc/arm-none-eabi/10.3.1/../../../../arm-none-eabi/lib/thumb/v6-m/nofp/libc_nano.a(lib_a-nano-msizer.o)
 .ARM.attributes
                0x00000000000005f0       0x1e /home/bahadira/gcc-arm-none-eabi-10.3/bin/../lib/gcc/arm-none-eabi/10.3.1/thumb/v6-m/nofp/libgcc.a(_thumb1_case_uqi.o)
 .ARM.attributes
                0x000000000000060e       0x1e /home/bahadira/gcc-arm-none-eabi-10.3/bin/../lib/gcc/arm-none-eabi/10.3.1/thumb/v6-m/nofp/libgcc.a(_thumb1_case_shi.o)
 .ARM.attributes
                0x000000000000062c       0x1e /home/bahadira/gcc-arm-none-eabi-10.3/bin/../lib/gcc/arm-none-eabi/10.3.1/thumb/v6-m/nofp/libgcc.a(_udivsi3.o)
 .ARM.attributes
                0x000000000000064a       0x1e /home/bahadira/gcc-arm-none-eabi-10.3/bin/../lib/gcc/arm-none-eabi/10.3.1/thumb/v6-m/nofp/libgcc.a(_dvmd_tls.o)
 .ARM.attributes
                0x0000000000000668       0x2c /home/bahadira/gcc-arm-none-eabi-10.3/bin/../lib/gcc/arm-none-eabi/10.3.1/../../../../arm-none-eabi/lib/thumb/v6-m/nofp/libnosys.a(_exit.o)
 .ARM.attributes
                0x0000000000000694       0x1e /home/bahadira/gcc-arm-none-eabi-10.3/bin/../lib/gcc/arm-none-eabi/10.3.1/thumb/v6-m/nofp/crtn.o
                0x0000000000000001                ASSERT ((__StackLimit >= __HeapLimit), region m_data overflowed with stack and heap)
OUTPUT(release/UsartTx.elf elf32-littlearm)
LOAD linker stubs

.comment        0x0000000000000000       0x49
 .comment       0x0000000000000000       0x49 CMakeFiles/UsartTx.elf.dir/board/board.c.obj
                                         0x4a (size before relaxing)
 .comment       0x0000000000000049       0x4a CMakeFiles/UsartTx.elf.dir/board/clock_config.c.obj
 .comment       0x0000000000000049       0x4a CMakeFiles/UsartTx.elf.dir/board/pin_mux.c.obj
 .comment       0x0000000000000049       0x4a CMakeFiles/UsartTx.elf.dir/source/main.c.obj
 .comment       0x0000000000000049       0x4a CMakeFiles/UsartTx.elf.dir/component/uart/fsl_adapter_miniusart.c.obj
 .comment       0x0000000000000049       0x4a CMakeFiles/UsartTx.elf.dir/device/system_LPC824.c.obj
 .comment       0x0000000000000049       0x4a CMakeFiles/UsartTx.elf.dir/drivers/fsl_clock.c.obj
 .comment       0x0000000000000049       0x4a CMakeFiles/UsartTx.elf.dir/drivers/fsl_usart.c.obj
 .comment       0x0000000000000049       0x4a CMakeFiles/UsartTx.elf.dir/drivers/fsl_reset.c.obj
 .comment       0x0000000000000049       0x4a CMakeFiles/UsartTx.elf.dir/drivers/fsl_swm.c.obj
 .comment       0x0000000000000049       0x4a CMakeFiles/UsartTx.elf.dir/utilities/fsl_sbrk.c.obj
 .comment       0x0000000000000049       0x4a CMakeFiles/UsartTx.elf.dir/utilities/fsl_debug_console.c.obj

.debug_frame    0x0000000000000000      0x488
 .debug_frame   0x0000000000000000       0x20 /home/bahadira/gcc-arm-none-eabi-10.3/bin/../lib/gcc/arm-none-eabi/10.3.1/../../../../arm-none-eabi/lib/thumb/v6-m/nofp/libc_nano.a(lib_a-errno.o)
 .debug_frame   0x0000000000000020       0x28 /home/bahadira/gcc-arm-none-eabi-10.3/bin/../lib/gcc/arm-none-eabi/10.3.1/../../../../arm-none-eabi/lib/thumb/v6-m/nofp/libc_nano.a(lib_a-exit.o)
 .debug_frame   0x0000000000000048       0x2c /home/bahadira/gcc-arm-none-eabi-10.3/bin/../lib/gcc/arm-none-eabi/10.3.1/../../../../arm-none-eabi/lib/thumb/v6-m/nofp/libc_nano.a(lib_a-init.o)
 .debug_frame   0x0000000000000074       0x28 /home/bahadira/gcc-arm-none-eabi-10.3/bin/../lib/gcc/arm-none-eabi/10.3.1/../../../../arm-none-eabi/lib/thumb/v6-m/nofp/libc_nano.a(lib_a-memcpy-stub.o)
 .debug_frame   0x000000000000009c       0x20 /home/bahadira/gcc-arm-none-eabi-10.3/bin/../lib/gcc/arm-none-eabi/10.3.1/../../../../arm-none-eabi/lib/thumb/v6-m/nofp/libc_nano.a(lib_a-memset.o)
 .debug_frame   0x00000000000000bc       0x2c /home/bahadira/gcc-arm-none-eabi-10.3/bin/../lib/gcc/arm-none-eabi/10.3.1/../../../../arm-none-eabi/lib/thumb/v6-m/nofp/libc_nano.a(lib_a-nano-freer.o)
 .debug_frame   0x00000000000000e8       0x50 /home/bahadira/gcc-arm-none-eabi-10.3/bin/../lib/gcc/arm-none-eabi/10.3.1/../../../../arm-none-eabi/lib/thumb/v6-m/nofp/libc_nano.a(lib_a-nano-mallocr.o)
 .debug_frame   0x0000000000000138       0x2c /home/bahadira/gcc-arm-none-eabi-10.3/bin/../lib/gcc/arm-none-eabi/10.3.1/../../../../arm-none-eabi/lib/thumb/v6-m/nofp/libc_nano.a(lib_a-sbrkr.o)
 .debug_frame   0x0000000000000164       0x48 /home/bahadira/gcc-arm-none-eabi-10.3/bin/../lib/gcc/arm-none-eabi/10.3.1/../../../../arm-none-eabi/lib/thumb/v6-m/nofp/libc_nano.a(lib_a-sprintf.o)
 .debug_frame   0x00000000000001ac       0x40 /home/bahadira/gcc-arm-none-eabi-10.3/bin/../lib/gcc/arm-none-eabi/10.3.1/../../../../arm-none-eabi/lib/thumb/v6-m/nofp/libc_nano.a(lib_a-mlock.o)
 .debug_frame   0x00000000000001ec       0x74 /home/bahadira/gcc-arm-none-eabi-10.3/bin/../lib/gcc/arm-none-eabi/10.3.1/../../../../arm-none-eabi/lib/thumb/v6-m/nofp/libc_nano.a(lib_a-nano-svfprintf.o)
 .debug_frame   0x0000000000000260       0x54 /home/bahadira/gcc-arm-none-eabi-10.3/bin/../lib/gcc/arm-none-eabi/10.3.1/../../../../arm-none-eabi/lib/thumb/v6-m/nofp/libc_nano.a(lib_a-nano-vfprintf_i.o)
 .debug_frame   0x00000000000002b4       0x48 /home/bahadira/gcc-arm-none-eabi-10.3/bin/../lib/gcc/arm-none-eabi/10.3.1/../../../../arm-none-eabi/lib/thumb/v6-m/nofp/libc_nano.a(lib_a-reent.o)
 .debug_frame   0x00000000000002fc       0xb0 /home/bahadira/gcc-arm-none-eabi-10.3/bin/../lib/gcc/arm-none-eabi/10.3.1/../../../../arm-none-eabi/lib/thumb/v6-m/nofp/libc_nano.a(lib_a-lock.o)
 .debug_frame   0x00000000000003ac       0x20 /home/bahadira/gcc-arm-none-eabi-10.3/bin/../lib/gcc/arm-none-eabi/10.3.1/../../../../arm-none-eabi/lib/thumb/v6-m/nofp/libc_nano.a(lib_a-memchr-stub.o)
 .debug_frame   0x00000000000003cc       0x28 /home/bahadira/gcc-arm-none-eabi-10.3/bin/../lib/gcc/arm-none-eabi/10.3.1/../../../../arm-none-eabi/lib/thumb/v6-m/nofp/libc_nano.a(lib_a-memmove.o)
 .debug_frame   0x00000000000003f4       0x34 /home/bahadira/gcc-arm-none-eabi-10.3/bin/../lib/gcc/arm-none-eabi/10.3.1/../../../../arm-none-eabi/lib/thumb/v6-m/nofp/libc_nano.a(lib_a-nano-reallocr.o)
 .debug_frame   0x0000000000000428       0x20 /home/bahadira/gcc-arm-none-eabi-10.3/bin/../lib/gcc/arm-none-eabi/10.3.1/../../../../arm-none-eabi/lib/thumb/v6-m/nofp/libc_nano.a(lib_a-nano-msizer.o)
 .debug_frame   0x0000000000000448       0x20 /home/bahadira/gcc-arm-none-eabi-10.3/bin/../lib/gcc/arm-none-eabi/10.3.1/thumb/v6-m/nofp/libgcc.a(_udivsi3.o)
 .debug_frame   0x0000000000000468       0x20 /home/bahadira/gcc-arm-none-eabi-10.3/bin/../lib/gcc/arm-none-eabi/10.3.1/../../../../arm-none-eabi/lib/thumb/v6-m/nofp/libnosys.a(_exit.o)
